LTspice 26.0.1 for Windows
Circuit: Z:\home\user\upwork\ae-sensor\ae-sensor\LTspice\detector_two_phase_rectifier.net
Start Time: Wed May 13 02:57:10 2026
Z:\home\user\upwork\ae-sensor\ae-sensor\LTspice\detector_two_phase_rectifier.net(10): This pin name equals one of the port names of the sub-circuit, but at a different position. This is not a problem, but note that as a result none of the pin names may be used by any .meas expressions.
X§U4 NC_01 N008 BAS516 ;§pnba 2)1
                              ^
Z:\home\user\upwork\ae-sensor\ae-sensor\LTspice\detector_two_phase_rectifier.net(15): This pin name equals one of the port names of the sub-circuit, but at a different position. This is not a problem, but note that as a result none of the pin names may be used by any .meas expressions.
X§U2 N002 NC_02 BAS516 ;§pnba 2)1
                              ^
Z:\home\user\upwork\ae-sensor\ae-sensor\LTspice\detector_two_phase_rectifier.net(27): This pin name equals one of the port names of the sub-circuit, but at a different position. This is not a problem, but note that as a result none of the pin names may be used by any .meas expressions.
X§U7 NC_07 N013 BAS516 ;§pnba 2)1
                              ^
Z:\home\user\upwork\ae-sensor\ae-sensor\LTspice\detector_two_phase_rectifier.net(32): This pin name equals one of the port names of the sub-circuit, but at a different position. This is not a problem, but note that as a result none of the pin names may be used by any .meas expressions.
X§U8 N011 NC_08 BAS516 ;§pnba 2)1
                              ^
solver = Normal
Maximum thread count: 4
tnom = 27
temp = 27
method = trap
Early termination of direct N-R iteration.
Direct Newton iteration failed to find operating point.
Starting Gmin stepping
Gmin stepping succeeded in finding the operating point.

Total elapsed time: 0.598 seconds.

Files loaded:
Z:\home\user\upwork\ae-sensor\ae-sensor\LTspice\detector_two_phase_rectifier.net
C:\users\user\AppData\Local\LTspice\lib\cmp\standard.dio
C:\users\user\AppData\Local\LTspice\lib\sub\Contrib\Toshiba\DIODE\BAS516_enc.lib
C:\users\user\AppData\Local\LTspice\lib\sub\Contrib\Toshiba\DIODE\TBAS16_enc.lib
C:\users\user\AppData\Local\LTspice\lib\sub\LTC4.lib
C:\users\user\AppData\Local\LTspice\lib\sub\LTC5.lib

