LTspice 26.0.1 for Windows
Circuit: Z:\home\user\upwork\ae-sensor\ae-sensor\LTspice\Draft1.net
Start Time: Mon May 11 22:46:43 2026
Z:\home\user\upwork\ae-sensor\ae-sensor\LTspice\Draft1.net(10): This pin name equals one of the port names of the sub-circuit, but at a different position. This is not a problem, but note that as a result none of the pin names may be used by any .meas expressions.
X§U3 in- op_out BAS516 ;§pnba 2)1
                              ^
Z:\home\user\upwork\ae-sensor\ae-sensor\LTspice\Draft1.net(11): This pin name equals one of the port names of the sub-circuit, but at a different position. This is not a problem, but note that as a result none of the pin names may be used by any .meas expressions.
X§U4 op_out N001 BAS516 ;§pnba 2)1
                               ^
solver = Normal
Maximum thread count: 4
tnom = 27
temp = 27
method = trap
Direct Newton iteration failed to find operating point.
Starting Gmin stepping
Gmin stepping succeeded in finding the operating point.

Total elapsed time: 0.165 seconds.

Files loaded:
Z:\home\user\upwork\ae-sensor\ae-sensor\LTspice\Draft1.net
C:\users\user\AppData\Local\LTspice\lib\sub\Contrib\Toshiba\DIODE\BAS516_enc.lib
C:\users\user\AppData\Local\LTspice\lib\sub\LTC4.lib

