LTspice 26.0.1 for Windows
Circuit: Z:\home\user\upwork\ae-sensor\ae-sensor\LTspice\peak_detector_analysis.net
Start Time: Mon May 11 22:33:24 2026
Z:\home\user\upwork\ae-sensor\ae-sensor\LTspice\peak_detector_analysis.net(10): This pin name equals one of the port names of the sub-circuit, but at a different position. This is not a problem, but note that as a result none of the pin names may be used by any .meas expressions.
X§U15 N001 N004 BAS516 ;§pnba 2)1
                              ^
Z:\home\user\upwork\ae-sensor\ae-sensor\LTspice\peak_detector_analysis.net(11): This pin name equals one of the port names of the sub-circuit, but at a different position. This is not a problem, but note that as a result none of the pin names may be used by any .meas expressions.
X§U16 N004 N005 BAS516 ;§pnba 2)1
                              ^
solver = Normal
Maximum thread count: 4
tnom = 27
temp = 27
method = trap
Direct Newton iteration succeeded in finding operating point.
Total elapsed time: 0.158 seconds.

Files loaded:
Z:\home\user\upwork\ae-sensor\ae-sensor\LTspice\peak_detector_analysis.net
C:\users\user\AppData\Local\LTspice\lib\sub\Contrib\Toshiba\DIODE\BAS516_enc.lib
C:\users\user\AppData\Local\LTspice\lib\sub\LTC4.lib

