LTspice 26.0.1 for Windows
Circuit: Z:\home\user\upwork\ae-sensor\ae-sensor\LTspice\ultrasonic_signal_detector_complete.net
Start Time: Mon May 11 20:08:49 2026
Z:\home\user\upwork\ae-sensor\ae-sensor\LTspice\ultrasonic_signal_detector_complete.net(57): This pin name equals one of the port names of the sub-circuit, but at a different position. This is not a problem, but note that as a result none of the pin names may be used by any .meas expressions.
X§U12 N010 N011 BAS516 ;§pnba 2)1
                              ^
Z:\home\user\upwork\ae-sensor\ae-sensor\LTspice\ultrasonic_signal_detector_complete.net(58): This pin name equals one of the port names of the sub-circuit, but at a different position. This is not a problem, but note that as a result none of the pin names may be used by any .meas expressions.
X§U2 N012 N025 BAS516 ;§pnba 2)1
                             ^
Z:\home\user\upwork\ae-sensor\ae-sensor\LTspice\ultrasonic_signal_detector_complete.net(60): This pin name equals one of the port names of the sub-circuit, but at a different position. This is not a problem, but note that as a result none of the pin names may be used by any .meas expressions.
X§U14 N014 N026 BAS516 ;§pnba 2)1
                              ^
solver = Normal
Maximum thread count: 4
tnom = 27
temp = 27
method = trap
Early termination of direct N-R iteration.
Direct Newton iteration failed to find operating point.
Starting Gmin stepping
Gmin stepping succeeded in finding the operating point.

Total elapsed time: 0.481 seconds.

Files loaded:
Z:\home\user\upwork\ae-sensor\ae-sensor\LTspice\ultrasonic_signal_detector_complete.net
C:\users\user\AppData\Local\LTspice\lib\sub\Contrib\Toshiba\DIODE\BAS516_enc.lib
C:\users\user\AppData\Local\LTspice\lib\sub\Contrib\Toshiba\DIODE\BAV99_enc.lib
C:\users\user\AppData\Local\LTspice\lib\sub\LTC4.lib

